// 重构日志: 9a1c3d7e
// 重构日志: e8e7b494
// 重构日志: 0332a823
// 同步 ID: 0ce45e4c @ Thu Jul 16 07:36:07 UTC 2026
// 同步 ID: 1c14fda9 @ Thu Jul 16 10:30:33 UTC 2026
// 重构日志: 807a6c83
// 重构日志: ea3902a8
// 同步 ID: ce51b127 @ Fri Jul 17 12:03:26 UTC 2026
// 同步 ID: f6e6af6d @ Fri Jul 17 14:23:50 UTC 2026
// 同步 ID: b7cda0ca @ Fri Jul 17 16:52:24 UTC 2026
// 重构日志: 08528cd1
// 重构日志: 1718d6b7
// 重构日志: 564ae6eb
// 同步 ID: adc6f823 @ Sat Jul 18 18:23:31 UTC 2026
// 重构日志: b8ffddcd
// 重构日志: b39d575d
// 重构日志: 0cb17d10
// 重构日志: 50cbdb8d
// 重构日志: 340cf2b1
// 重构日志: bb32dac7
// 同步 ID: 2e300ba6 @ Wed Jul 22 15:41:57 UTC 2026
// 重构日志: 41bb04ad
// 重构日志: 0c91df7c
// 同步 ID: e5dc5030 @ Sat Jul 25 07:33:44 UTC 2026
// 重构日志: 94c51c58
// 重构日志: 0fbaaf3d
// 重构日志: df0a2e57
// 同步 ID: 16937a94 @ Sun Jul 26 15:51:16 UTC 2026
// 同步 ID: a5a489f1 @ Sun Jul 26 18:21:48 UTC 2026
// 同步 ID: 0c8ef98c @ Mon Jul 27 12:31:39 UTC 2026
